// Jest Snapshot v1, https://goo.gl/fbAQLP

exports[`App.vue should match Snapshot 1`] = `
<div
  class="mdl-layout mdl-js-layout mdl-layout--fixed-header"
  id="app-content"
>
  <loading-stub />
   
  <header
    class="mdl-layout__header"
    mode="out-in"
    name="fade-slide-up"
    style="display: none;"
  >
    <div
      aria-expanded="false"
      class="mdl-layout__drawer-button"
      role="button"
      tabindex="10"
    >
      <i
        class="material-icons"
        mode="out-in"
        name="fade"
      >
        menu
      </i>
    </div>
     
    <div
      class="mdl-layout__header-row"
    >
      <span
        class="mdl-layout-title"
      >
        Pokerface
      </span>
       
      <div
        class="mdl-layout-spacer"
      />
       
      <div
        class="mdl-textfield mdl-js-textfield mdl-textfield--expandable
                mdl-textfield--floating-label mdl-textfield--align-right"
        name="fade"
        style="display: none;"
      >
        <label
          class="mdl-button mdl-js-button mdl-button--icon"
          for="fixed-header-drawer-exp"
        >
          <i
            class="material-icons"
          >
            search
          </i>
        </label>
         
        <div
          class="mdl-textfield__expandable-holder"
        >
          <input
            class="mdl-textfield__input"
            id="fixed-header-drawer-exp"
            name="search"
            type="text"
          />
        </div>
      </div>
    </div>
  </header>
   
  <navbar-stub />
   
  <main
    class="mdl-layout__content"
  >
    <section
      class="section"
    >
      <div
        class="section-inner"
      >
        <router-view-stub
          mode="out-in"
          name="fade-slide-right"
        />
      </div>
    </section>
     
    <div
      class="mdl-js-snackbar mdl-snackbar"
      id="toast"
    >
      <div
        class="mdl-snackbar__text"
      />
       
      <button
        class="mdl-snackbar__action"
        type="button"
      />
    </div>
  </main>
</div>
`;
